// Jest Snapshot v1, https://goo.gl/fbAQLP

exports[`As a user, I can use help flag for see help information for \`init\` command. 1`] = `
"8base init [OPTIONS]

Options:
  --debug, -d  Turn on debug logs                                      [boolean]
  --help, -h   Show help                                               [boolean]

Examples:
  8base init             initialize current folder
  8base init my_project  create folder my_project and initialize"
`;

exports[`As a user, I can use help flag for see help information for \`init\` command. 2`] = `
"Project [38;5;220mtestdir_init[39m initialize success
[38;5;42minit[39m done. Time: [38;5;42m6[39m ms."
`;

exports[`As a user, I can use help flag for see help information for \`init\` command. 3`] = `
Array [
  "",
  "hello.graphql",
  "hello.ts",
  "hello2.graphql",
  "hello2.js",
  "testdir_init/8base.yml",
  "testdir_init/package.json",
  "testdir_init/src:",
]
`;
