// Vitest Snapshot v1, https://vitest.dev/guide/snapshot.html

exports[`As a user, I can init empty project. 1`] = `
"Building a new project called e2e_tmp_testdir_init 🚀
e2e_tmp_testdir_init
├── .env.local
├── .gitignore
├── .workspace.json
├── 8base.yml
└── package.json
🎉 Project e2e_tmp_testdir_init was successfully created 🎉
init done. Time: 100 sec."
`;

exports[`As a user, I can init empty project. 2`] = `
[
  "e2e_tmp_testdir_init/8base.yml",
  "e2e_tmp_testdir_init/package.json",
]
`;

exports[`As a user, I can init example project. 1`] = `
"Building a new project called e2e_tmp_testdir_init 🚀
e2e_tmp_testdir_init
├── .env.local
├── .gitignore
├── .workspace.json
├── 8base.yml
├── package.json
└── src
    ├── resolvers
    │   └── resolver
    │       ├── handler.ts
    │       ├── mocks
    │       │   └── request.json
    │       └── schema.graphql
    ├── tasks
    │   └── task
    │       ├── handler.ts
    │       └── mocks
    │           └── request.json
    ├── triggers
    │   └── Users
    │       └── create
    │           ├── before.ts
    │           └── mocks
    │               └── request.json
    └── webhooks
        └── webhook
            ├── handler.ts
            └── mocks
                └── request.json
🎉 Project e2e_tmp_testdir_init was successfully created 🎉
init done. Time: 100 sec."
`;

exports[`As a user, I can init example project. 2`] = `
[
  "",
  "e2e_tmp_testdir_init/8base.yml",
  "e2e_tmp_testdir_init/package.json",
  "e2e_tmp_testdir_init/src:",
  "resolvers",
  "tasks",
  "triggers",
  "webhooks",
]
`;
