// Jest Snapshot v1, https://goo.gl/fbAQLP

exports[`As a user, I can use help flag for see help information for \`login\` command. 1`] = `
"8base login [OPTIONS]

Options:
  -e, --email     user email                                            [string]
  -p, --password  user password                                         [string]"
`;
